// Jest Snapshot v1, https://goo.gl/fbAQLP

exports[`BasicMolecule render 1`] = `
<DocumentFragment>
  <div
    class="container"
  >
    <div
      class="container"
    >
      <h2>
        example
      </h2>
    </div>
  </div>
</DocumentFragment>
`;
