// Jest Snapshot v1, https://goo.gl/fbAQLP

exports[`SecondMolecule render 1`] = `
<DocumentFragment>
  <div
    class="container"
  >
    example
  </div>
</DocumentFragment>
`;
