// Jest Snapshot v1, https://goo.gl/fbAQLP

exports[`Component render 1`] = `
<DocumentFragment>
  <div
    class="container"
  >
    <h2>
      example
    </h2>
  </div>
</DocumentFragment>
`;
