// Jest Snapshot v1, https://goo.gl/fbAQLP

exports[`Storyshots atoms/BasicAtom Default 1`] = `
<div
  className="container"
>
  <h2>
    
  </h2>
</div>
`;

exports[`Storyshots molecules/BasicMolecule Default 1`] = `
<div
  className="container"
>
  <div
    className="container"
  >
    <h2>
      
    </h2>
  </div>
</div>
`;
